
> ringzero@0.5.1 test
> npm run build && node --test "dist/test/*.test.js" ; echo exit=$?


> ringzero@0.5.1 build
> tsc -p tsconfig.json

✔ agent completes a task requiring one tool call (3.6235ms)
✔ agent chains two tool calls, feeding the previous result into the next (1.7208ms)
✔ tool failure is fed back and the model adapts (0.9265ms)
✔ stateful multi-step work: counter tool called 3 times (0.7842ms)
✔ runaway tool loop stops at maxSteps (0.7504ms)
✔ maxSteps -1 removes the step cap (1.1768ms)
✔ mid-run injection aborts the stream, queues the message, and continues (1.69ms)
✔ inject returns false when the agent is idle (0.1649ms)
✔ permission-denied tool result is fed back to the model (1.0833ms)
✔ unknown tool is reported back to the model (0.8952ms)
✔ onBeforeTool plugin hook can block a tool (0.8427ms)
✔ onToolAfter plugin hook can rewrite tool output (0.8758ms)
✔ agent aggregates token usage across all model calls (not just the last) (0.8207ms)
✔ onMessage records the full user/assistant/tool conversation (0.7178ms)
✔ agent forwards thinking events but does not persist them (0.6699ms)
✔ onCompact fires after auto-compaction and receives the trimmed history (1.5436ms)
✔ realistic: debug-and-retry loop — read, edit, run tests, fix remaining bug, all pass (315.4531ms)
✔ realistic: explores a project with glob+grep+read_file to answer a question (10.4075ms)
✔ parallel: one turn requests two tool calls and both results feed back (3.2224ms)
✔ concurrent: tools from one turn execute in parallel (overlap detected) (33.6528ms)
✔ sub-agents: parent delegates two subtasks in parallel and uses both summaries (7.9785ms)
✔ sub-agents: parent chains a second subtask that depends on the first summary (6.2479ms)
✔ sub-agents: a failing subtask surfaces its error to the parent (3.3833ms)
✔ sub-agents: batch mode runs N tasks in parallel and merges results (45.6025ms)
✔ sub-agents: batch mode isolates a failing task from the rest (4.8773ms)
✔ plan mode: mutating tools are blocked until the user approves a plan (1.6449ms)
✔ plan mode: a rejected plan keeps blocking mutating tools (0.9825ms)
✔ yolo mode: plan mode is bypassed, deny rules are overridden, no asks (1.1174ms)
✔ tool cache: identical pure tool calls are deduped within a run (0.8919ms)
✔ maxConcurrency: limit 1 serializes tool execution (84.3891ms)
✔ ask_user returns the free-text answer (0.6287ms)
✔ ask_user maps a numbered choice (0.1577ms)
✔ ask_user reports unavailable when no promptUser channel exists (0.1259ms)
✔ ask_user handles cancel and empty answers (0.7667ms)
✔ sanitizeEnv strips secret-looking variables (2.6082ms)
✔ sanitizeEnv honors RINGZERO_BASH_FULL_ENV=1 opt-out (0.5905ms)
✔ bash tool child processes do not see secrets (202.9584ms)
✔ bash tool clamps timeout_ms to the 1s..10min range (428.6767ms)
✔ decodeOutput passes valid UTF-8 through (incl. CJK) (0.3414ms)
✔ decodeOutput falls back to the forced legacy encoding (GBK) (0.4129ms)
✔ decodeOutput falls back to Big5 when forced (0.155ms)
✔ decodeOutput tolerates an unsupported forced encoding (0.1527ms)
✔ decodeOutput trims a trailing partial UTF-8 sequence before fallback (0.168ms)
✔ bash tool passes UTF-8 CJK output through (66.3948ms)
✔ bash tool decodes legacy-encoded CJK output (GBK) (81.6135ms)
✔ detectGitRoot finds the repo root from inside the repo (42.2041ms)
✔ detectGitRoot is undefined outside a git repo (43.7871ms)
✔ loadConfig resolves an explicit RINGZERO_WORKSPACE (3.3982ms)
✔ loadConfig with RINGZERO_WORKSPACE=off disables the sandbox (0.9198ms)
✔ loadConfig auto-detects the git root as workspace when unset (49.6477ms)
✔ MAX_STEPS (short name) wins over RINGZERO_MAX_STEPS (55.6248ms)
✔ MAX_STEPS=-1 means unlimited steps (59.2438ms)
✔ EFFORT maps to env.effort, short name wins over RINGZERO_EFFORT (86.8588ms)
✔ EFFORT empty string disables effort even when RINGZERO_EFFORT is set (55.6834ms)
✔ unknown EFFORT values are ignored (29.8104ms)
✔ YOLO truthy values enable yolo, falsy/unknown disable it (146.1034ms)
✔ YOLO empty string shadows RINGZERO_YOLO (like EFFORT) (31.8244ms)
✔ compactHistory keeps tool pairs intact and never sends an orphan tool message (1.706ms)
✔ priceFor matches the longest model-name prefix (1.2872ms)
✔ priceFor is case-insensitive and falls back to the default (0.5469ms)
✔ estimateCost prices input/output/cache-read tokens (1.0837ms)
✔ estimateCost counts cacheWrite like cacheRead (0.1789ms)
✔ cacheHitRate is cached/(input+cached), guarded against zero (0.2105ms)
✔ fmtCost adapts precision to the magnitude (0.1806ms)
✔ checkNodeVersion passes on the running Node (1.3489ms)
✔ doctorReport flags a missing provider and no sandbox (83.8184ms)
✔ doctorReport passes with an OpenAI-compatible provider configured (47.1991ms)
✔ e2e: explore fixture — glob + read_file round-trip on a real project (11.8122ms)
✔ e2e: compact fixture — repeated compaction keeps total input flat (8.8715ms)
✔ e2e: fanout fixture — parallel sub-agents merge into the parent report (7.9441ms)
✔ list_dir lists entries with / for dirs, skipping ignored dirs (7.5058ms)
✔ list_dir rejects paths outside the workspace (4.9349ms)
✔ tree respects max_depth and skips ignored dirs (5.9845ms)
✔ tree reports (empty) for an empty directory (0.9069ms)
✔ glob matches windows-style relative paths (0.8083ms)
✔ glob **/* matches any file under a separator (0.1871ms)
✔ glob * does not cross directories (0.9473ms)
✔ walkFiles lists files and skips ignored dirs (364.2582ms)
✔ isBinaryBuf detects null bytes (0.1901ms)
fatal: Needed a single revision
✔ isGitRepo true in a repo, false outside (515.3865ms)
✔ gitStatus shows untracked and modified files (289.9304ms)
✔ gitDiff shows tracked changes only (360.9367ms)
✔ gitCommit stages and commits untracked and modified files (363.4831ms)
✔ gitCommit empty message and not-a-repo cases (254.9454ms)
✔ gitCommit reports (nothing to commit) on a clean tree (276.0159ms)
✔ gitLog lists recent commits, with path and pickaxe filters (538.3675ms)
✔ gitLog reports (not a git repo) outside a repo (42.3607ms)
✔ git tools report (not a git repo) outside a repo (97.8578ms)
✔ checkpoint captures tracked + untracked changes and restore undoes them (568.6723ms)
✔ restoreCheckpoint handles deletions and leaves post-checkpoint untracked files (676.9203ms)
✔ createCheckpoint returns null on a clean tree (342.78ms)
✔ http_request GET returns the body with a status line (41.6214ms)
✔ http_request POST sends a JSON body (20.7838ms)
✔ http_request surfaces non-2xx status (10.42ms)
✔ http_request rejects unsupported methods and private networks by default (3.4197ms)
✔ getSymbolIndex caches per-root until the tree changes (9.7132ms)
✔ related_files finds importers and same-symbol files (9.777ms)
✔ related_files resolves index barrels via the parent dir (6.5379ms)
✔ related_files rejects paths outside the workspace (5.1622ms)
✔ related_files errors on missing or non-indexable files (3.3969ms)
✔ related_files reports no matches cleanly (3.715ms)
✔ truncateOutput keeps head+tail with marker (1.1252ms)
✔ truncateOutput passthrough when small (0.2221ms)
✔ permission gate rules + ask (2.0903ms)
✔ permission always override persists (0.4966ms)
✔ compactHistory summarizes prefix, keeps tail verbatim (1.5927ms)
✔ estimateContextTokens counts system + tools + messages (0.4484ms)
✔ compactHistory sends structured prompt, omits tool-call args (1.4531ms)
✔ compactHistory folds incrementally when budget is tight (1.1956ms)
✔ mcp client routes responses by id (offline) (1.7866ms)
✔ mcp stdio transport talks to a real spawned server (240.8504ms)
✔ loadPlugins loads a plugin and registers tools/commands/hooks (6.6874ms)
✔ loadPrefs merges global then project (project wins per key) (8.3699ms)
✔ savePrefs writes the global file and round-trips (4.13ms)
✔ loadPrefs ignores missing and corrupt files (4.4642ms)
✔ loadPrefs drops invalid rules and non-string tool names (3.3098ms)
✔ PermissionGate onOverride fires on setOverride (incl. always/never) (0.5759ms)
✔ PermissionGate yolo auto-allows everything, even deny rules (0.3138ms)
✔ openai-compat surfaces reasoning_content as thinking events (30.8352ms)
✔ openai-compat reports cached tokens separately from fresh input (1.8462ms)
✔ anthropic surfaces thinking blocks as thinking events (2.7372ms)
✔ gemini maps messages to contents: roles, functionCall, functionResponse, images (1.075ms)
✔ gemini merges adjacent same-role turns (parallel tool results) (0.3887ms)
✔ gemini streams text, thinking, and function calls from SSE chunks (4.2029ms)
✔ registry picks gemini only when no API_URL is set (0.3444ms)
✔ openai-compat and anthropic embed images as multimodal content (0.3196ms)
✔ effortLevel accepts known levels and rejects the rest (0.1769ms)
✔ openai-compat sends reasoning_effort when effort is set, omits it otherwise (1.3636ms)
✔ anthropic maps effort to a thinking budget (0.5117ms)
✔ gemini maps effort to thinkingConfig (0.4255ms)
✔ registry passes effort through to the provider (0.6987ms)
✔ makeRedactor replaces known secret values and URL credentials (1.9516ms)
✔ makeRedactor redacts multiple occurrences and short values are kept (1.749ms)
✔ fetchWithRetry retries 429 then succeeds (30.5958ms)
✔ fetchWithRetry gives up after retries, returns last response (10.5068ms)
✔ fetchWithRetry retries network errors (1.3291ms)
✔ store append/load/replace/setTitle round-trips (23.9019ms)
✔ prune archives excess sessions, keeping the newest and except (54.5777ms)
✔ exportMarkdown renders title, messages, tools, and usage totals (7.7712ms)
✔ setEnvKey appends a new key when absent (2.0277ms)
✔ setEnvKey replaces an existing uncommented key in place (0.3006ms)
✔ setEnvKey ignores commented keys and appends (0.1336ms)
✔ setEnvKey handles a key with leading spaces (0.3038ms)
✔ readEnvLines returns [] for a missing file (0.5894ms)
✔ loadEnv reads user-level ~/.ringzero/.env via RINGZERO_HOME (3.5975ms)
✔ loadEnv ignores a project <cwd>/.env by default (foreign .env safety) (3.8345ms)
✔ loadEnv loads an explicit --env file on top of ~/.ringzero/.env (6.4457ms)
✔ loadEnv: real process.env wins over all .env files (3.5243ms)
✔ parses data-only events (0.9857ms)
✔ parses event: prefix (0.1665ms)
✔ stops at [DONE] (0.1155ms)
✔ handles CRLF line endings (1.4341ms)
✔ consumeSSE flushes a final line without trailing newline (12.3552ms)
✔ consumeSSE stops at [DONE] even without trailing newline (0.4271ms)
✔ todo: add/done/open/clear/list roundtrip and onChange fires (1.8374ms)
✔ todo: error cases (1.7153ms)
✔ plan tool: ask yes approves, ask no rejects, empty plan errors (0.352ms)
✔ ascii heuristic: ~4 chars per token (0.9884ms)
✔ cjk heuristic: ~1 token per CJK char (0.3161ms)
✔ cjk vs ascii mixed (0.1201ms)
✔ handles japanese kana and hangul (0.871ms)
✔ fullwidth forms counted as cjk (0.1984ms)
✔ cjkCharsPerToken option tunes density (0.12ms)
✔ read_file full content when no range (1.8115ms)
✔ read_file range returns numbered slice (0.668ms)
✔ read_file range clamps to file length (0.6086ms)
✔ read_file rejects start > end (0.3795ms)
✔ extractOutline finds functions/classes/interfaces in TS (1.4926ms)
✔ extractOutline handles Python defs and async defs (0.7635ms)
✔ extractOutline handles Rust fn/struct/impl (0.5482ms)
✔ formatOutline caps at OUTLINE_MAX_SYMBOLS (0.4029ms)
✔ read_file explicit outline mode returns symbols (21.5822ms)
✔ read_file auto-outlines large files, mode=full bypasses (5.3158ms)
✔ App mounts and renders the header (67.032ms)
✔ StatusBar renders idle status (5.2904ms)
✔ StatusBar shows the YOLO badge when yolo is on (5.1653ms)
✔ StatusBar shows session total usage + cached (5.2154ms)
✔ StatusBar appends the estimated cost for the session (4.1226ms)
✔ Sidebar shows header, model, badges, ctx bar, usage, and status (10.6788ms)
✔ Sidebar pins the status row when too short (4.0222ms)
✔ ConfirmModal shows prompt and keys (3.3311ms)
✔ SelectModal highlights the selected index (3.3693ms)
✔ InputModal shows typed value (4.3645ms)
✔ SlashSuggest renders items and highlights selection (4.1874ms)
✔ App shows / command suggestions while typing a slash (56.4242ms)
✔ TranscriptRow renders the selected slice in inverse video (3.6166ms)
✔ TranscriptRow renders plainly without a selection (3.0455ms)
✔ sidebarTextLines returns selectable text lines with status and padding (0.191ms)
✔ Sidebar renders inverse highlight for a sidebar selection (4.3947ms)
✔ copySelection defaults to the last assistant message (1.2015ms)
✔ copySelection n takes the last n assistant messages, skipping tool-only turns (0.2509ms)
✔ copySelection n clamps to the number of assistant messages (0.1226ms)
✔ copySelection rejects invalid n (0.77ms)
✔ copySelection reports none when there is no assistant text (0.1729ms)
✔ pickClipboardCmd maps platforms (0.2957ms)
✔ MouseParser normalizes wheel buttons to 0 (up) / 1 (down) (1.7826ms)
✔ wheelDelta maps normalized wheel buttons to scroll deltas (0.2192ms)
✔ MouseParser parses SGR left/right click and wheel (0.195ms)
✔ MouseParser parses SGR drag motion and drag release (1002) (0.1464ms)
✔ MouseParser skips motion-only SGR 35 (1003-style) and handles X10 drag/wheel/up (0.3238ms)
✔ MouseParser handles fragmented SGR sequences across chunks (0.1767ms)
✔ filterMouseSequences strips mouse bytes, keeps normal input (0.2353ms)
✔ filterMouseSequences does not strip arrow keys or paste (0.1352ms)
✔ FilteredStdin is structurally Ink-compatible (setRawMode/ref/unref/isTTY) (0.7803ms)
✔ reducer appends and streams assistant text (0.7893ms)
✔ reducer tool output + toggle expand (0.1389ms)
✔ reducer history + clear (0.0993ms)
✔ reducer plan mode + todos (0.0947ms)
✔ initial state carries yolo (default off) (0.0695ms)
✔ layoutBlocks wraps and collapses tool preview (17.7299ms)
✔ windowRows clamps scroll and shows bottom by default (0.2059ms)
✔ fmtUsage includes cache read (0.1087ms)
✔ inputLineCol maps cursor to line/col across newlines (0.7566ms)
✔ inputLines counts rendered lines (min 1) (0.3018ms)
✔ inputLines counts wrapped rows (CJK-aware, prefix on line 0) (4.5988ms)
✔ historyToBlocks replays session messages as transcript blocks (0.3902ms)
✔ historyToBlocks ignores empty text and unmatched tool results (0.1352ms)
✔ reducer setBlocks replaces the transcript and resets scroll/selection (0.1374ms)
✔ reducer runEnd stores ctxTokens (0.2136ms)
✔ reducer accumulates session total usage across runs (0.1977ms)
✔ mergeUsage omits zero cache fields; fmtSession includes cached (0.1192ms)
✔ slashMatches filters commands by prefix (and a lone slash shows all) (0.2173ms)
✔ reducer resets suggestIdx on input/submit and clamps via suggestIdx action (0.1412ms)
✔ reducer transcriptFocus: set, clear, and reset on new content (0.0841ms)
✔ reducer scroll clamps at 0 (0.0493ms)
✔ reducer setSelection stores and structural changes clear it (0.1898ms)
✔ selectionRange covers single row, multi-row, reversed, and clamps (0.1475ms)
✔ selectionText joins rows with newlines and honors col ranges (0.1198ms)
✔ shiftSelect starts a selection at fromRow and extends it, clamped (0.1302ms)
✔ strWidth counts CJK/fullwidth as 2 (23.2831ms)
✔ wrapText never exceeds width and splits long CJK (0.8359ms)
✔ truncateWidth respects double-width (1.1482ms)
✔ widths match Ink for wide glyphs the old ranges missed (0.6584ms)
✔ KeyReader parses arrows, ctrl, ascii and CJK chars (1.3291ms)
✔ KeyReader handles fragmented escape sequence across chunks (0.2366ms)
✔ KeyReader handles fragmented multi-byte CJK across chunks (0.2054ms)
✔ KeyReader pageup/pagedown and delete (0.1963ms)
✔ colToCharIndex maps terminal columns to char indices (CJK-safe) (0.3095ms)
✔ parseZip + extractEntry handles stored and deflated entries (2.5056ms)
✔ extractZip writes files, preserves exec bit, and skips dir entries (6.4159ms)
✔ extractZip rejects zip-slip paths (1.0674ms)
✔ extractEntry detects a corrupted payload (0.4201ms)
✔ compareVersions (0.9339ms)
✔ assetFor picks the built assets per platform/arch (0.7968ms)
✔ detectInstall returns unknown when not running from a portable install (0.4983ms)
✔ makeVerifyHook runs the command once per run, only after write/edit tools (114.2885ms)
✔ verify tool runs the command and caps at 3 invocations per run (213.7533ms)
✔ web_search returns formatted results (35.3079ms)
✔ web_search handles empty results and empty query (11.1715ms)
✔ isPrivateIp: IPv4 private/loopback/reserved ranges (1.2668ms)
✔ isPrivateIp: IPv6 loopback/ULA/link-local/multicast/documentation (0.2579ms)
✔ checkUrlAllowed blocks literal private addresses and invalid URLs (179.1633ms)
✔ checkUrlAllowed blocks localhost (resolves to loopback) (0.8774ms)
✔ checkUrlAllowed honors RINGZERO_ALLOW_PRIVATE_NET override (0.2798ms)
ℹ tests 254
ℹ suites 0
ℹ pass 254
ℹ fail 0
ℹ cancelled 0
ℹ skipped 0
ℹ todo 0
ℹ duration_ms 4507.6008
